$ npm run verify:full


> flashday@0.1.0 verify:full
> npm run verify && npm run test:browser && npm run test:firestore


> flashday@0.1.0 verify
> npm run typecheck && npm test && npm run build


> flashday@0.1.0 typecheck
> node scripts/typecheck.mjs

typecheck: 122 files OK

> flashday@0.1.0 test
> node tests/namespace.test.mjs && node tests/session.test.mjs && node tests/evidence.test.mjs && node tests/progress.test.mjs && node tests/scheduler.test.mjs && node tests/learner-model.test.mjs && node tests/time-gate.test.mjs && node tests/voice.test.mjs && node tests/cloud-sync.test.mjs && node tests/content.test.mjs && node tests/mission.test.mjs && node tests/vnext.test.mjs && node tests/vnext-contracts.test.mjs && node tests/vnext-slice.test.mjs && node tests/vnext-pilot.test.mjs && node tests/vnext-policy.test.mjs && node tests/vnext-persist.test.mjs && node tests/vnext-ui-session.test.mjs && node tests/vnext-curriculum.test.mjs && node tests/content-reuse.test.mjs && node tests/flashday-store.test.js && node tests/fsrs-scheduler.test.mjs && node tests/flashday-cloud.test.js && node tests/flashday-auth.test.mjs && node tests/cloud-compat.test.mjs && node tests/site-entrypoints.test.js && node tests/swe-factory.test.mjs

FlashDay namespace: 3 checks passed
FlashDay session: 4 checks passed
FlashDay evidence: 3 checks passed
FlashDay progress: 5 checks passed
FlashDay scheduler: 6 checks passed
FlashDay learner model: 10 checks passed
FlashDay time gate: 12 checks passed
FlashDay cloud sync: 4 checks passed
FlashDay content: 5 checks passed
FlashDay mission checks: 7 groups passed
✓ graph: 12+ capabilities, all modalities, acyclic prerequisites
✓ aided/self-reported success cannot become INDEPENDENT
✓ immediate success cannot become RETAINED; delayed success can
✓ same-prompt repeat is not TRANSFERRED; changed context is
✓ modality isolation: speaking evidence cannot mark listening learned
✓ risk priors schedule diagnostics only — never mark weakness
✓ replay is deterministic; prefixes reproduce intermediate states
✓ vertical slice: baseline fail → input → retrieval → supported → feedback → retry → INDEPENDENT → RETAINED → TRANSFERRED
✓ planner: prerequisites gate introductions
✓ review invariants: attempt-only credit, order-free replay, learner isolation, no due-loop, honest fluency, practiced ≠ novel
✓ support conditions enforced: violated conditions cap at SUPPORTED; repeat_once needs counted provenance
vNext headless engine: all checks passed
✓ fixtures: both missions validate clean under contracts + injected content policy
✓ task support cannot broaden capability support
✓ caller cannot forge purpose, promptFamily, transfer status, or event type
✓ teaching family cannot collide with fresh assessment family
✓ transfer requires a changed dimension AND a genuinely novel family
✓ answer reveal provenance survives retry inside the attempt boundary
✓ self_report/asr/ai_llm evaluation can never award independence; authority is contract-derived
✓ undeclared language fails validation; injected budgets are enforced
✓ assessment binds fresh family + zero support; revealed answers invalidate it
✓ fixture A: diagnostic → input → supported → feedback → independent → retained → transferred → fresh assessment
✓ fixture B: drink mission drives the same contract chain; isolation + determinism hold
✓ round-2 blockers: authority derived, assessment≠transfer, binder-only independence, taskIds scope, declared language, task-scoped sticky
✓ trust boundary: forged bindings fail registry verification; eliciting tasks require a real evaluator contract
✓ registry: revisions coexist, duplicate id@revision rejected, invalid tasks mint nothing
✓ response×purpose: production+choice rejected, valid combos preserved
✓ slice: baseline fail → input → retrieval → supported → feedback → retry → INDEPENDENT → RETAINED → TRANSFERRED → fresh assessment
✓ baseline pass skips teaching; carriers never get probes, transfer or certification
✓ aided retry inside one attempt boundary stays SUPPORTED
✓ failed delayed retrieval routes to remediation, not another delayed check
✓ missing transfer task → blocked with an explicit reason, never a substitute
✓ fresh assessment cannot substitute for transfer — gated and non-crediting
✓ task revision mismatch is never selected or credited
✓ selector replay is deterministic and learner-isolated
✓ selection is revision-scoped and only verified evidence consumes a task
✓ missing or invalid declared tasks fail closed — never silently skipped
✓ expose/resume fallback never drifts into remediation, delayed, transfer or assessment
✓ M3 cross-mission slice: M1 evidence verifies via registry, mastered carrier not re-taught, backlog never blocks
vNext slice: all checks passed
vnext-pilot: cohort claims, baseline attribution, contradiction resolution, re-probe, replay & isolation — PASS
vnext-policy: registry fail-closed, retention/remediation/claim thresholds versioned — PASS
vnext-persist: exactly-once append, immutable conflict, replay parity, canonical order — PASS
  ✓ intro → start → selector-driven diagnostic first screen
  ✓ reload resumes same missionRunId + intact log
  ✓ pre-commit support → support_use + stamped snapshot → never unaided
  ✓ post-commit support cannot retro-contaminate; double commit no-op
  ✓ diagnostic offers no pre-commit support
  ✓ delayed_retrieval / transfer / assessment offer no pre-commit support
  ✓ input view → single exposure event, never an attempt
  ✓ feedback event appended strictly after the committed attempt
  ✓ deterministic attemptId survives reload — no duplicate evidence
  ✓ full mission → fresh checkpoint committed, outcome frozen in the event
  ✓ abandon → new run; old evidence keeps its run provenance
  ✓ summary reports observed evidence — baseline attributed, no mastery claims
  ✓ identical script → identical log + summary (replay determinism)
vnext-ui-session: 13 checks — PASS
✓ seed curriculum passes DAG validity, evidenceability and novelty integrity
✓ canonical prompt-family ids parse, hash the full signature, and reject malformed forms
✓ dangling prerequisites and cycles fail the DAG check
✓ a claim target without delayed/transfer coverage fails evidenceability
✓ carriers cannot silently carry held-out transfer credit
✓ family drift, fake novelty and unverifiable transfer deltas all fail
✓ content contract enforced by the authoritative curriculum gate
vnext-curriculum: all checks passed
FlashDay content reuse: checkpoint targets reuse taught language
FlashDay state integrity: 4 persistent-store checks passed
FlashDay FSRS v6: 12 Unit-mode scheduling checks passed
FlashDay cloud merge: 4 checks passed
FlashDay auth contract: 26 checks passed
cloud-compat tests passed
FlashDay entrypoint contract: 11 groups of checks passed

swe-factory: 33 checks — PASS
  ✓ queued mission listed as QUEUED
  ✓ start transitions to RUNNING with start sha
  ✓ start refuses unsafe dirty tree
  ✓ second mission start refused while first active
  ✓ checkpoint missing sections refused
  ✓ full checkpoint recorded + stamped with real sha
  ✓ verify PASS recorded with sha
  ✓ finish refused without any verification
  ✓ finish refused when HEAD moved after verify
  ✓ finish DONE after green verify on HEAD + REPORT.md written
  ✓ verify FAIL exits nonzero and is recorded
  ✓ finish refused after red verify
  ✓ finish --result failed still allowed + report
  ✓ blocked checkpoint sets BLOCKED
  ✓ resume prints packet + unblocks
  ✓ non-allowlisted verification command rejected
  ✓ verification on missing file rejected
  ✓ verification on unknown npm script rejected
  ✓ resume warns on uncommitted tracked changes
  ✓ checkpoint on DONE mission refused
  ✓ second finish refused
  ✓ verify still runs on dirty tree
  ✓ finish DONE refused with uncommitted tracked change
  ✓ finish --result failed still allowed on dirty tree
  ✓ finish DONE refused with unsafe untracked file
  ✓ finish DONE succeeds after committing the change + re-verify
  ✓ uncommitted mission.md drift detected at verify
  ✓ uncommitted mission.md drift detected at finish
  ✓ uncommitted mission.md drift detected at resume
  ✓ committed mission.md rewrite still detected
  ✓ finish also refused after committed rewrite
  ✓ restoring mission definition restores operation
  ✓ state.missionSha256 persisted at start

> flashday@0.1.0 build
> vite build

vite v8.2.2 building client environment for production...
transforming...
✓ 133 modules transformed.
rendering chunks...
computing gzip size...
dist/vnext/index.html                                       0.71 kB │ gzip:     0.39 kB
dist/auth/index.html                                        1.56 kB │ gzip:     0.72 kB
dist/app/index.html                                         1.75 kB │ gzip:     0.83 kB
dist/index.html                                             2.84 kB │ gzip:     1.30 kB
dist/login/index.html                                       5.19 kB │ gzip:     1.98 kB
dist/assets/ort-wasm-simd-threaded.jsep-B0T3yYHD.wasm  21,596.01 kB │ gzip: 5,168.67 kB
dist/assets/vnext-BAh0TI2n.css                              2.31 kB │ gzip:     0.81 kB
dist/assets/site-BVsCd9uJ.css                              10.78 kB │ gzip:     3.01 kB
dist/assets/app-D_fSwknx.css                               24.76 kB │ gzip:     5.20 kB
dist/assets/modulepreload-polyfill-P2Xu9kJm.js              0.67 kB │ gzip:     0.38 kB
dist/assets/auth-DENC4gmp.js                                1.87 kB │ gzip:     1.11 kB
dist/assets/flashday-auth-BuwE_Qd5.js                       3.20 kB │ gzip:     1.52 kB
dist/assets/speech-BzeBz07t.js                              4.49 kB │ gzip:     2.09 kB
dist/assets/login-Cfzh6CPg.js                               8.79 kB │ gzip:     3.50 kB
dist/assets/app-bw8d80Dd.js                                52.14 kB │ gzip:    16.10 kB
dist/assets/firebase-client-B2XXgmqx.js                   121.47 kB │ gzip:    36.86 kB
dist/assets/vnext-DWNoAQeD.js                             156.00 kB │ gzip:    28.93 kB
dist/assets/app-dcPqIqJD.js                               276.47 kB │ gzip:    77.97 kB
dist/assets/index.esm-BqMLaEV3.js                         555.93 kB │ gzip:   162.28 kB
dist/assets/transformers.web-Czv3cOib.js                  847.07 kB │ gzip:   216.25 kB

✓ built in 1.59s

> flashday@0.1.0 test:browser
> node tests/app-browser.test.mjs

  ✓ shell smoke at 390px
  ✓ shell smoke at 1280px
  ✓ write draft survives reload
  ✓ quiz draft + pane identity survive step nav
  ✓ quiz retry flow → 2 read events
  ✓ stale draft → notice, empty textarea
  ✓ account switch hides the other namespace draft
  ✓ double "Lưu lần thử" → 1 write event
  ✓ checkpoint → 4 steps, lands on read, enrolls chunks
  ✓ hidden controls + empty save guarded
  ✓ today due count + path pill + summary todo links
  ✓ review reveal → grade → persisted scheduling
  ✓ mid-debounce unmount → no stale-state crash
  ✓ chunk + dialogue play buttons speak the target
  ✓ write compare + retry records attempt 2
  ✓ AI explain + write review + roleplay end-to-end (mocked tutor)
  ✓ tutor absent → static fallbacks only
  ✓ engagement layer: pager + match pairs + word bank + banner + progress + celebration + streak + path bars + review recap
  ✓ mission: context→gist→notice→retrieve→interact→unaided exit→hinted retry (mobile, no AI)
  ✓ learner name survives device-local draft loss — restored from the durable context event
  ✓ no-TTS context falls back explicitly and mints zero tasks
  ✓ explicit "Đọc thay vì nghe" skip is recorded and mints nothing
  ✓ old lessons 2–30 still load via the five-pane runner
  ✓ vnext: baseline first → support_use before commit → stamped attempt → reload resumes run
  ✓ vnext page renders intro + first diagnostic on mobile and desktop
FlashDay app browser tests: 25 groups passed

> flashday@0.1.0 test:firestore
> env -u DEBUG npx --yes --package=firebase-tools@15.30.2 firebase emulators:exec --project demo-flashday-test --only firestore "node tests/firestore-emulator.test.mjs && node tests/firestore-vnext-emulator.test.mjs"

i  emulators: Starting emulators: firestore
i  emulators: Detected demo project ID "demo-flashday-test", emulated services will use a demo configuration and attempts to access non-emulated services for this project will fail.
i  firestore: Firestore Emulator logging to firestore-debug.log
✔  firestore: Firestore Emulator was started in standard edition.
✔  firestore: Firestore Emulator UI websocket is running on 9150.
i  Running script: node tests/firestore-emulator.test.mjs && node tests/firestore-vnext-emulator.test.mjs
Firestore emulator PASS: concurrent progress, idempotency, size guard, owner isolation, cursor paging
Firestore vNext emulator PASS: immutable evidence, owner+learner pinning, idempotent append, replay parity
✔  Script exited successfully (code 0)
i  emulators: Shutting down emulators.
i  firestore: Stopping Firestore Emulator
i  hub: Stopping emulator hub
i  logging: Stopping Logging Emulator

[plugin builtin:vite-reporter] 
(!) Some chunks are larger than 500 kB after minification. Consider:
- Using dynamic import() to code-split the application
- Use build.rolldownOptions.output.codeSplitting to improve chunking: https://rolldown.rs/reference/OutputOptions.codeSplitting
- Adjust chunk size limit for this warning via build.chunkSizeWarningLimit.
[2026-09-30T08:26:52.377Z]  @firebase/firestore: Firestore (12.19.0): GrpcConnection RPC 'Write' stream 0x1c0711e5 error. Code: 7 Message: 7 PERMISSION_DENIED: 
false for 'create' @ L315, false for 'create' @ L333, false for 'update' @ L317, false for 'update' @ L333
[2026-09-30T08:26:52.549Z]  @firebase/firestore: Firestore (12.19.0): GrpcConnection RPC 'Write' stream 0x1c0711e7 error. Code: 7 Message: 7 PERMISSION_DENIED: 
false for 'update' @ L333
[2026-09-30T08:26:52.578Z]  @firebase/firestore: Firestore (12.19.0): GrpcConnection RPC 'Write' stream 0x1c0711e8 error. Code: 7 Message: 7 PERMISSION_DENIED: 
false for 'create' @ L300, false for 'create' @ L333, false for 'update' @ L333
[2026-09-30T08:26:52.600Z]  @firebase/firestore: Firestore (12.19.0): GrpcConnection RPC 'Write' stream 0x1c0711e9 error. Code: 7 Message: 7 PERMISSION_DENIED: 
false for 'create' @ L300, false for 'create' @ L333, false for 'update' @ L333
[2026-09-30T08:26:52.622Z]  @firebase/firestore: Firestore (12.19.0): GrpcConnection RPC 'Write' stream 0x1c0711ea error. Code: 7 Message: 7 PERMISSION_DENIED: 
false for 'create' @ L300, false for 'create' @ L333, false for 'update' @ L333
[2026-09-30T08:26:52.646Z]  @firebase/firestore: Firestore (12.19.0): GrpcConnection RPC 'Write' stream 0x1c0711eb error. Code: 7 Message: 7 PERMISSION_DENIED: 
false for 'create' @ L300, false for 'create' @ L333, false for 'update' @ L333
[2026-09-30T08:26:52.668Z]  @firebase/firestore: Firestore (12.19.0): GrpcConnection RPC 'Write' stream 0x1c0711ec error. Code: 7 Message: 7 PERMISSION_DENIED: 
false for 'create' @ L300, false for 'create' @ L333, false for 'update' @ L333
[2026-09-30T08:26:56.968Z]  @firebase/firestore: Firestore (12.19.0): GrpcConnection RPC 'Write' stream 0x7f97c9db error. Code: 7 Message: 7 PERMISSION_DENIED: 
false for 'update' @ L310, false for 'update' @ L333
[2026-09-30T08:26:57.004Z]  @firebase/firestore: Firestore (12.19.0): GrpcConnection RPC 'Write' stream 0x7f97c9dd error. Code: 7 Message: 7 PERMISSION_DENIED: 
evaluation error at L307:24 for 'create' @ L307, false for 'create' @ L333, false for 'update' @ L310, false for 'update' @ L333, false for 'update' @ L310, false for 'update' @ L333
[2026-09-30T08:26:57.022Z]  @firebase/firestore: Firestore (12.19.0): GrpcConnection RPC 'Write' stream 0x7f97c9de error. Code: 7 Message: 7 PERMISSION_DENIED: 
false for 'delete' @ L310, false for 'delete' @ L333
[2026-09-30T08:26:57.116Z]  @firebase/firestore: Firestore (12.19.0): GrpcConnection RPC 'Write' stream 0x7f97c9e0 error. Code: 7 Message: 7 PERMISSION_DENIED: 
false for 'create' @ L307, false for 'create' @ L333, false for 'update' @ L310, false for 'update' @ L333
[2026-09-30T08:26:57.147Z]  @firebase/firestore: Firestore (12.19.0): GrpcConnection RPC 'Write' stream 0x7f97c9e1 error. Code: 7 Message: 7 PERMISSION_DENIED: 
evaluation error at L307:24 for 'create' @ L307, false for 'create' @ L333, false for 'update' @ L310, false for 'update' @ L333, false for 'create' @ L307, false for 'create' @ L333
[2026-09-30T08:26:57.225Z]  @firebase/firestore: Firestore (12.19.0): GrpcConnection RPC 'Write' stream 0x7f97c9e3 error. Code: 7 Message: 7 PERMISSION_DENIED: 
evaluation error at L307:24 for 'create' @ L307, false for 'create' @ L333, false for 'update' @ L310, false for 'update' @ L333, false for 'create' @ L307, false for 'create' @ L333
[2026-09-30T08:26:57.255Z]  @firebase/firestore: Firestore (12.19.0): GrpcConnection RPC 'Write' stream 0x7f97c9e4 error. Code: 7 Message: 7 PERMISSION_DENIED: 
evaluation error at L307:24 for 'create' @ L307, false for 'create' @ L333, false for 'update' @ L310, false for 'update' @ L333, false for 'create' @ L307, false for 'create' @ L333
[2026-09-30T08:26:57.284Z]  @firebase/firestore: Firestore (12.19.0): GrpcConnection RPC 'Write' stream 0x7f97c9e5 error. Code: 7 Message: 7 PERMISSION_DENIED: 
evaluation error at L307:24 for 'create' @ L307, false for 'create' @ L333, false for 'update' @ L310, false for 'update' @ L333, false for 'create' @ L307, false for 'create' @ L333
[2026-09-30T08:26:57.308Z]  @firebase/firestore: Firestore (12.19.0): GrpcConnection RPC 'Write' stream 0x7f97c9e6 error. Code: 7 Message: 7 PERMISSION_DENIED: 
evaluation error at L307:24 for 'create' @ L307, false for 'create' @ L333, false for 'update' @ L310, false for 'update' @ L333, false for 'create' @ L307, false for 'create' @ L333
[2026-09-30T08:26:57.338Z]  @firebase/firestore: Firestore (12.19.0): GrpcConnection RPC 'Write' stream 0x7f97c9e7 error. Code: 7 Message: 7 PERMISSION_DENIED: 
evaluation error at L307:24 for 'create' @ L307, false for 'create' @ L333, false for 'update' @ L310, false for 'update' @ L333, false for 'create' @ L307, false for 'create' @ L333
